// Jest Snapshot v1, https://goo.gl/fbAQLP

exports[`renders ./components/radio/demo/basic.md correctly 1`] = `<label class="gov-radio-wrapper"><span class="gov-radio"><input type="radio" class="gov-radio-input" value=""><span class="gov-radio-inner"></span></span><span>Radio</span></label>`;

exports[`renders ./components/radio/demo/disabled.md correctly 1`] = `
<div><label class="gov-radio-wrapper gov-radio-wrapper-disabled"><span class="gov-radio gov-radio-disabled"><input type="radio" disabled="disabled" class="gov-radio-input" value=""><span class="gov-radio-inner"></span></span><span>Disabled</span></label> <br> <label class="gov-radio-wrapper gov-radio-wrapper-disabled"><span class="gov-radio gov-radio-checked gov-radio-disabled"><input type="radio" disabled="disabled" class="gov-radio-input" value=""><span class="gov-radio-inner"></span></span><span>Disabled</span></label>
  <div><button type="button" class="gov-btn gov-btn-primary"><span>Toggle disabled</span></button></div>
</div>
`;

exports[`renders ./components/radio/demo/radioButton.md correctly 1`] = `
<div>
  <div>
    <div class="gov-radio-group gov-radio-group-outline gov-radio-group-default"><label class="gov-radio-button-wrapper gov-radio-button-wrapper-checked"><span class="gov-radio-button gov-radio-button-checked"><input type="radio" class="gov-radio-button-input" value="a"><span class="gov-radio-button-inner"></span></span><span>Hangzhou</span></label><label class="gov-radio-button-wrapper"><span class="gov-radio-button"><input type="radio" class="gov-radio-button-input" value="b"><span class="gov-radio-button-inner"></span></span><span>Shanghai</span></label><label class="gov-radio-button-wrapper"><span class="gov-radio-button"><input type="radio" class="gov-radio-button-input" value="c"><span class="gov-radio-button-inner"></span></span><span>Beijing</span></label><label class="gov-radio-button-wrapper"><span class="gov-radio-button"><input type="radio" class="gov-radio-button-input" value="d"><span class="gov-radio-button-inner"></span></span><span>Chengdu</span></label></div>
  </div>
  <div style="margin-top: 16px;">
    <div class="gov-radio-group gov-radio-group-outline gov-radio-group-default"><label class="gov-radio-button-wrapper gov-radio-button-wrapper-checked"><span class="gov-radio-button gov-radio-button-checked"><input type="radio" class="gov-radio-button-input" value="a"><span class="gov-radio-button-inner"></span></span><span>Hangzhou</span></label><label class="gov-radio-button-wrapper gov-radio-button-wrapper-disabled"><span class="gov-radio-button gov-radio-button-disabled"><input type="radio" disabled="disabled" class="gov-radio-button-input" value="b"><span class="gov-radio-button-inner"></span></span><span>Shanghai</span></label><label class="gov-radio-button-wrapper"><span class="gov-radio-button"><input type="radio" class="gov-radio-button-input" value="c"><span class="gov-radio-button-inner"></span></span><span>Beijing</span></label><label class="gov-radio-button-wrapper"><span class="gov-radio-button"><input type="radio" class="gov-radio-button-input" value="d"><span class="gov-radio-button-inner"></span></span><span>Chengdu</span></label></div>
  </div>
  <div style="margin-top: 16px;">
    <div class="gov-radio-group gov-radio-group-outline gov-radio-group-default"><label class="gov-radio-button-wrapper gov-radio-button-wrapper-checked gov-radio-button-wrapper-disabled"><span class="gov-radio-button gov-radio-button-checked gov-radio-button-disabled"><input type="radio" disabled="disabled" class="gov-radio-button-input" value="a"><span class="gov-radio-button-inner"></span></span><span>Hangzhou</span></label><label class="gov-radio-button-wrapper gov-radio-button-wrapper-disabled"><span class="gov-radio-button gov-radio-button-disabled"><input type="radio" disabled="disabled" class="gov-radio-button-input" value="b"><span class="gov-radio-button-inner"></span></span><span>Shanghai</span></label><label class="gov-radio-button-wrapper gov-radio-button-wrapper-disabled"><span class="gov-radio-button gov-radio-button-disabled"><input type="radio" disabled="disabled" class="gov-radio-button-input" value="c"><span class="gov-radio-button-inner"></span></span><span>Beijing</span></label><label class="gov-radio-button-wrapper gov-radio-button-wrapper-disabled"><span class="gov-radio-button gov-radio-button-disabled"><input type="radio" disabled="disabled" class="gov-radio-button-input" value="d"><span class="gov-radio-button-inner"></span></span><span>Chengdu</span></label></div>
  </div>
</div>
`;

exports[`renders ./components/radio/demo/radioButton-solid.md correctly 1`] = `
<div>
  <div>
    <div class="gov-radio-group gov-radio-group-solid gov-radio-group-default"><label class="gov-radio-button-wrapper gov-radio-button-wrapper-checked"><span class="gov-radio-button gov-radio-button-checked"><input type="radio" class="gov-radio-button-input" value="a"><span class="gov-radio-button-inner"></span></span><span>Hangzhou</span></label><label class="gov-radio-button-wrapper"><span class="gov-radio-button"><input type="radio" class="gov-radio-button-input" value="b"><span class="gov-radio-button-inner"></span></span><span>Shanghai</span></label><label class="gov-radio-button-wrapper"><span class="gov-radio-button"><input type="radio" class="gov-radio-button-input" value="c"><span class="gov-radio-button-inner"></span></span><span>Beijing</span></label><label class="gov-radio-button-wrapper"><span class="gov-radio-button"><input type="radio" class="gov-radio-button-input" value="d"><span class="gov-radio-button-inner"></span></span><span>Chengdu</span></label></div>
  </div>
  <div style="margin-top: 16px;">
    <div class="gov-radio-group gov-radio-group-solid gov-radio-group-default"><label class="gov-radio-button-wrapper"><span class="gov-radio-button"><input type="radio" class="gov-radio-button-input" value="a"><span class="gov-radio-button-inner"></span></span><span>Hangzhou</span></label><label class="gov-radio-button-wrapper gov-radio-button-wrapper-disabled"><span class="gov-radio-button gov-radio-button-disabled"><input type="radio" disabled="disabled" class="gov-radio-button-input" value="b"><span class="gov-radio-button-inner"></span></span><span>Shanghai</span></label><label class="gov-radio-button-wrapper gov-radio-button-wrapper-checked"><span class="gov-radio-button gov-radio-button-checked"><input type="radio" class="gov-radio-button-input" value="c"><span class="gov-radio-button-inner"></span></span><span>Beijing</span></label><label class="gov-radio-button-wrapper"><span class="gov-radio-button"><input type="radio" class="gov-radio-button-input" value="d"><span class="gov-radio-button-inner"></span></span><span>Chengdu</span></label></div>
  </div>
</div>
`;

exports[`renders ./components/radio/demo/radioGroup.md correctly 1`] = `
<div>
  <div class="gov-radio-group gov-radio-group-outline gov-radio-group-default"><label class="gov-radio-wrapper gov-radio-wrapper-checked"><span class="gov-radio gov-radio-checked"><input type="radio" class="gov-radio-input" value="1"><span class="gov-radio-inner"></span></span><span>A</span></label><label class="gov-radio-wrapper"><span class="gov-radio"><input type="radio" class="gov-radio-input" value="2"><span class="gov-radio-inner"></span></span><span>B</span></label><label class="gov-radio-wrapper"><span class="gov-radio"><input type="radio" class="gov-radio-input" value="3"><span class="gov-radio-inner"></span></span><span>C</span></label><label class="gov-radio-wrapper"><span class="gov-radio"><input type="radio" class="gov-radio-input" value="4"><span class="gov-radio-inner"></span></span><span>D</span></label></div>
</div>
`;

exports[`renders ./components/radio/demo/radioGroup-more.md correctly 1`] = `
<div class="gov-radio-group gov-radio-group-outline gov-radio-group-default"><label class="gov-radio-wrapper gov-radio-wrapper-checked" style="display: block; height: 30px; line-height: 30px;"><span class="gov-radio gov-radio-checked"><input type="radio" class="gov-radio-input" value="1"><span class="gov-radio-inner"></span></span><span>Option A</span></label><label class="gov-radio-wrapper" style="display: block; height: 30px; line-height: 30px;"><span class="gov-radio"><input type="radio" class="gov-radio-input" value="2"><span class="gov-radio-inner"></span></span><span>Option B</span></label><label class="gov-radio-wrapper" style="display: block; height: 30px; line-height: 30px;"><span class="gov-radio"><input type="radio" class="gov-radio-input" value="3"><span class="gov-radio-inner"></span></span><span>Option C</span></label><label class="gov-radio-wrapper" style="display: block; height: 30px; line-height: 30px;"><span class="gov-radio"><input type="radio" class="gov-radio-input" value="4"><span class="gov-radio-inner"></span></span><span>
    More...
    <!----></span></label></div>
`;

exports[`renders ./components/radio/demo/radioGroup-options.md correctly 1`] = `
<div>
  <div class="gov-radio-group gov-radio-group-outline gov-radio-group-default"><label class="gov-radio-wrapper gov-radio-wrapper-checked"><span class="gov-radio gov-radio-checked"><input type="radio" class="gov-radio-input" value="Apple"><span class="gov-radio-inner"></span></span><span>Apple</span></label><label class="gov-radio-wrapper"><span class="gov-radio"><input type="radio" class="gov-radio-input" value="Pear"><span class="gov-radio-inner"></span></span><span>Pear</span></label><label class="gov-radio-wrapper"><span class="gov-radio"><input type="radio" class="gov-radio-input" value="Orange"><span class="gov-radio-inner"></span></span><span>Orange</span></label></div> <br>
  <div class="gov-radio-group gov-radio-group-outline gov-radio-group-default"><label class="gov-radio-wrapper gov-radio-wrapper-checked"><span class="gov-radio gov-radio-checked"><input type="radio" class="gov-radio-input" value="Apple"><span class="gov-radio-inner"></span></span><span>Apple</span></label><label class="gov-radio-wrapper"><span class="gov-radio"><input type="radio" class="gov-radio-input" value="Pear"><span class="gov-radio-inner"></span></span><span>Pear</span></label><label class="gov-radio-wrapper"><span class="gov-radio"><input type="radio" class="gov-radio-input" value="Orange"><span class="gov-radio-inner"></span></span><span>Orange</span></label></div> <br>
  <div class="gov-radio-group gov-radio-group-outline gov-radio-group-default"><label class="gov-radio-wrapper gov-radio-wrapper-checked gov-radio-wrapper-disabled"><span class="gov-radio gov-radio-checked gov-radio-disabled"><input type="radio" disabled="disabled" class="gov-radio-input" value="Apple"><span class="gov-radio-inner"></span></span><span>Apple</span></label><label class="gov-radio-wrapper gov-radio-wrapper-disabled"><span class="gov-radio gov-radio-disabled"><input type="radio" disabled="disabled" class="gov-radio-input" value="Pear"><span class="gov-radio-inner"></span></span><span>Pear</span></label><label class="gov-radio-wrapper gov-radio-wrapper-disabled"><span class="gov-radio gov-radio-disabled"><input type="radio" disabled="disabled" class="gov-radio-input" value="Orange"><span class="gov-radio-inner"></span></span><span>Orange</span></label></div>
</div>
`;

exports[`renders ./components/radio/demo/radioGroup-with-name.md correctly 1`] = `<div class="gov-radio-group gov-radio-group-outline gov-radio-group-default"><label class="gov-radio-wrapper gov-radio-wrapper-checked"><span class="gov-radio gov-radio-checked"><input name="radioGroup" type="radio" class="gov-radio-input" value="1"><span class="gov-radio-inner"></span></span><span>A</span></label><label class="gov-radio-wrapper"><span class="gov-radio"><input name="radioGroup" type="radio" class="gov-radio-input" value="2"><span class="gov-radio-inner"></span></span><span>B</span></label><label class="gov-radio-wrapper"><span class="gov-radio"><input name="radioGroup" type="radio" class="gov-radio-input" value="3"><span class="gov-radio-inner"></span></span><span>C</span></label><label class="gov-radio-wrapper"><span class="gov-radio"><input name="radioGroup" type="radio" class="gov-radio-input" value="4"><span class="gov-radio-inner"></span></span><span>D</span></label></div>`;

exports[`renders ./components/radio/demo/size.md correctly 1`] = `
<div>
  <div>
    <div class="gov-radio-group gov-radio-group-outline gov-radio-group-large"><label class="gov-radio-button-wrapper gov-radio-button-wrapper-checked"><span class="gov-radio-button gov-radio-button-checked"><input type="radio" class="gov-radio-button-input" value="a"><span class="gov-radio-button-inner"></span></span><span>Hangzhou</span></label><label class="gov-radio-button-wrapper"><span class="gov-radio-button"><input type="radio" class="gov-radio-button-input" value="b"><span class="gov-radio-button-inner"></span></span><span>Shanghai</span></label><label class="gov-radio-button-wrapper"><span class="gov-radio-button"><input type="radio" class="gov-radio-button-input" value="c"><span class="gov-radio-button-inner"></span></span><span>Beijing</span></label><label class="gov-radio-button-wrapper"><span class="gov-radio-button"><input type="radio" class="gov-radio-button-input" value="d"><span class="gov-radio-button-inner"></span></span><span>Chengdu</span></label></div>
  </div>
  <div style="margin-top: 16px;">
    <div class="gov-radio-group gov-radio-group-outline gov-radio-group-default"><label class="gov-radio-button-wrapper gov-radio-button-wrapper-checked"><span class="gov-radio-button gov-radio-button-checked"><input type="radio" class="gov-radio-button-input" value="a"><span class="gov-radio-button-inner"></span></span><span>Hangzhou</span></label><label class="gov-radio-button-wrapper"><span class="gov-radio-button"><input type="radio" class="gov-radio-button-input" value="b"><span class="gov-radio-button-inner"></span></span><span>Shanghai</span></label><label class="gov-radio-button-wrapper"><span class="gov-radio-button"><input type="radio" class="gov-radio-button-input" value="c"><span class="gov-radio-button-inner"></span></span><span>Beijing</span></label><label class="gov-radio-button-wrapper"><span class="gov-radio-button"><input type="radio" class="gov-radio-button-input" value="d"><span class="gov-radio-button-inner"></span></span><span>Chengdu</span></label></div>
  </div>
  <div style="margin-top: 16px;">
    <div class="gov-radio-group gov-radio-group-outline gov-radio-group-small"><label class="gov-radio-button-wrapper gov-radio-button-wrapper-checked"><span class="gov-radio-button gov-radio-button-checked"><input type="radio" class="gov-radio-button-input" value="a"><span class="gov-radio-button-inner"></span></span><span>Hangzhou</span></label><label class="gov-radio-button-wrapper"><span class="gov-radio-button"><input type="radio" class="gov-radio-button-input" value="b"><span class="gov-radio-button-inner"></span></span><span>Shanghai</span></label><label class="gov-radio-button-wrapper"><span class="gov-radio-button"><input type="radio" class="gov-radio-button-input" value="c"><span class="gov-radio-button-inner"></span></span><span>Beijing</span></label><label class="gov-radio-button-wrapper"><span class="gov-radio-button"><input type="radio" class="gov-radio-button-input" value="d"><span class="gov-radio-button-inner"></span></span><span>Chengdu</span></label></div>
  </div>
</div>
`;
