// Jest Snapshot v1, https://goo.gl/fbAQLP

exports[`Radio should render correctly 1`] = `<label class="gov-radio-wrapper customized"><span class="gov-radio"><input type="radio" class="gov-radio-input" value=""><span class="gov-radio-inner"></span></span><span>Test</span></label>`;
