// Jest Snapshot v1, https://goo.gl/fbAQLP

exports[`Breadcrumb should allow Breadcrumb.Item is null or undefined 1`] = `<div class="gov-breadcrumb"><span class=""><span class="gov-breadcrumb-link">Home</span><span class="gov-breadcrumb-separator">/</span></span></div>`;

exports[`Breadcrumb should not display Breadcrumb Item when its children is falsy 1`] = `
<div class="gov-breadcrumb">
  <!----><span class=""><span class="gov-breadcrumb-link">xxx</span><span class="gov-breadcrumb-separator">/</span></span><span class=""><span class="gov-breadcrumb-link">yyy</span><span class="gov-breadcrumb-separator">/</span></span></div>
`;
