// Jest Snapshot v1, https://goo.gl/fbAQLP

exports[`renders ./components/checkbox/demo/basic.md correctly 1`] = `<label class="gov-checkbox-wrapper"><span class="gov-checkbox"><input type="checkbox" class="gov-checkbox-input" value=""><span class="gov-checkbox-inner"></span></span><span>Checkbox</span></label>`;

exports[`renders ./components/checkbox/demo/check-all.md correctly 1`] = `
<div>
  <div style="border-bottom: 1px solid #E9E9E9;"><label class="gov-checkbox-wrapper"><span class="gov-checkbox gov-checkbox-indeterminate"><input type="checkbox" class="gov-checkbox-input" value=""><span class="gov-checkbox-inner"></span></span><span>
      Check all
    </span></label></div> <br>
  <div class="gov-checkbox-group"><label class="gov-checkbox-wrapper gov-checkbox-wrapper-checked gov-checkbox-group-item"><span class="gov-checkbox gov-checkbox-checked"><input type="checkbox" class="gov-checkbox-input" value="Apple"><span class="gov-checkbox-inner"></span></span><span>Apple</span></label><label class="gov-checkbox-wrapper gov-checkbox-group-item"><span class="gov-checkbox"><input type="checkbox" class="gov-checkbox-input" value="Pear"><span class="gov-checkbox-inner"></span></span><span>Pear</span></label><label class="gov-checkbox-wrapper gov-checkbox-wrapper-checked gov-checkbox-group-item"><span class="gov-checkbox gov-checkbox-checked"><input type="checkbox" class="gov-checkbox-input" value="Orange"><span class="gov-checkbox-inner"></span></span><span>Orange</span></label></div>
</div>
`;

exports[`renders ./components/checkbox/demo/controller.md correctly 1`] = `
<div>
  <p style="margin-bottom: 20px;"><label class="gov-checkbox-wrapper gov-checkbox-wrapper-checked"><span class="gov-checkbox gov-checkbox-checked"><input type="checkbox" class="gov-checkbox-input" value=""><span class="gov-checkbox-inner"></span></span><span>
      Checked-Enabled
    </span></label></p>
  <p><button type="button" class="gov-btn gov-btn-primary gov-btn-sm"><span>Uncheck</span></button> <button type="button" class="gov-btn gov-btn-primary gov-btn-sm" style="margin-left: 10px;"><span>Disable</span></button></p>
</div>
`;

exports[`renders ./components/checkbox/demo/disabled.md correctly 1`] = `<div><label class="gov-checkbox-wrapper gov-checkbox-wrapper-disabled"><span class="gov-checkbox gov-checkbox-disabled"><input type="checkbox" disabled="disabled" class="gov-checkbox-input" value=""><span class="gov-checkbox-inner"></span></span></label> <br> <label class="gov-checkbox-wrapper gov-checkbox-wrapper-disabled"><span class="gov-checkbox gov-checkbox-checked gov-checkbox-disabled"><input type="checkbox" disabled="disabled" class="gov-checkbox-input" value=""><span class="gov-checkbox-inner"></span></span></label></div>`;

exports[`renders ./components/checkbox/demo/group.md correctly 1`] = `
<div>
  <div class="gov-checkbox-group"><label class="gov-checkbox-wrapper gov-checkbox-group-item"><span class="gov-checkbox"><input type="checkbox" class="gov-checkbox-input" value="Apple"><span class="gov-checkbox-inner"></span></span><span>Apple</span></label><label class="gov-checkbox-wrapper gov-checkbox-group-item"><span class="gov-checkbox"><input type="checkbox" class="gov-checkbox-input" value="Pear"><span class="gov-checkbox-inner"></span></span><span>Pear</span></label><label class="gov-checkbox-wrapper gov-checkbox-group-item"><span class="gov-checkbox"><input type="checkbox" class="gov-checkbox-input" value="Orange"><span class="gov-checkbox-inner"></span></span><span>Orange</span></label></div> <br>
  <div class="gov-checkbox-group"><label class="gov-checkbox-wrapper gov-checkbox-wrapper-checked gov-checkbox-group-item"><span class="gov-checkbox gov-checkbox-checked"><input type="checkbox" class="gov-checkbox-input" value="Apple"><span class="gov-checkbox-inner"></span></span><span>Apple</span></label><label class="gov-checkbox-wrapper gov-checkbox-group-item"><span class="gov-checkbox"><input type="checkbox" class="gov-checkbox-input" value="Pear"><span class="gov-checkbox-inner"></span></span><span>Pear</span></label><label class="gov-checkbox-wrapper gov-checkbox-group-item"><span class="gov-checkbox"><input type="checkbox" class="gov-checkbox-input" value="Orange"><span class="gov-checkbox-inner"></span></span><span>Orange</span></label></div> <br>
  <div class="gov-checkbox-group"><label class="gov-checkbox-wrapper gov-checkbox-group-item"><span class="gov-checkbox"><input type="checkbox" class="gov-checkbox-input" value="Apple"><span class="gov-checkbox-inner"></span></span><span>Apple</span></label><label class="gov-checkbox-wrapper gov-checkbox-wrapper-checked gov-checkbox-group-item"><span class="gov-checkbox gov-checkbox-checked"><input type="checkbox" class="gov-checkbox-input" value="Pear"><span class="gov-checkbox-inner"></span></span><span>Pear</span></label><label class="gov-checkbox-wrapper gov-checkbox-group-item"><span class="gov-checkbox"><input type="checkbox" class="gov-checkbox-input" value="Orange"><span class="gov-checkbox-inner"></span></span><span>Orange</span></label></div> <br>
  <div class="gov-checkbox-group"><label class="gov-checkbox-wrapper gov-checkbox-wrapper-checked gov-checkbox-wrapper-disabled gov-checkbox-group-item"><span class="gov-checkbox gov-checkbox-checked gov-checkbox-disabled"><input type="checkbox" disabled="disabled" class="gov-checkbox-input" value="Apple"><span class="gov-checkbox-inner"></span></span><span><span style="color: red;">Apple</span></span></label><label class="gov-checkbox-wrapper gov-checkbox-wrapper-disabled gov-checkbox-group-item"><span class="gov-checkbox gov-checkbox-disabled"><input type="checkbox" disabled="disabled" class="gov-checkbox-input" value="Pear"><span class="gov-checkbox-inner"></span></span><span>Pear</span></label><label class="gov-checkbox-wrapper gov-checkbox-wrapper-disabled gov-checkbox-group-item"><span class="gov-checkbox gov-checkbox-disabled"><input type="checkbox" disabled="disabled" class="gov-checkbox-input" value="Orange"><span class="gov-checkbox-inner"></span></span><span>Orange</span></label></div>
</div>
`;

exports[`renders ./components/checkbox/demo/layout.md correctly 1`] = `
<div class="gov-checkbox-group">
  <div class="gov-row">
    <div class="gov-col-8"><label class="gov-checkbox-wrapper"><span class="gov-checkbox"><input type="checkbox" class="gov-checkbox-input" value="A"><span class="gov-checkbox-inner"></span></span><span>A</span></label></div>
    <div class="gov-col-8"><label class="gov-checkbox-wrapper"><span class="gov-checkbox"><input type="checkbox" class="gov-checkbox-input" value="B"><span class="gov-checkbox-inner"></span></span><span>B</span></label></div>
    <div class="gov-col-8"><label class="gov-checkbox-wrapper"><span class="gov-checkbox"><input type="checkbox" class="gov-checkbox-input" value="C"><span class="gov-checkbox-inner"></span></span><span>C</span></label></div>
    <div class="gov-col-8"><label class="gov-checkbox-wrapper"><span class="gov-checkbox"><input type="checkbox" class="gov-checkbox-input" value="D"><span class="gov-checkbox-inner"></span></span><span>D</span></label></div>
    <div class="gov-col-8"><label class="gov-checkbox-wrapper"><span class="gov-checkbox"><input type="checkbox" class="gov-checkbox-input" value="E"><span class="gov-checkbox-inner"></span></span><span>E</span></label></div>
  </div>
</div>
`;
