// Jest Snapshot v1, https://goo.gl/fbAQLP

exports[`Grid renders wrapped Col correctly 1`] = `
<div class="gov-row" style="margin-left: -10px; margin-right: -10px;">
  <div>
    <div class="gov-col-12" style="padding-left: 10px; padding-right: 10px;"></div>
  </div>
  <div class="gov-col-12" style="padding-left: 10px; padding-right: 10px;"></div>
</div>
`;

exports[`Grid should render Col 1`] = `<div class="gov-col-2"></div>`;

exports[`Grid should render Row 1`] = `<div class="gov-row"></div>`;
