// Jest Snapshot v1, https://goo.gl/fbAQLP

exports[`Tag visibility can be controlled by visible with hidden as initial value 1`] = `<div class="gov-tag" style="display: none;"></div>`;

exports[`Tag visibility can be controlled by visible with hidden as initial value 2`] = `<div class="gov-tag" style=""></div>`;

exports[`Tag visibility can be controlled by visible with hidden as initial value 3`] = `<div class="gov-tag" style="display: none;"></div>`;

exports[`Tag visibility can be controlled by visible with visible as initial value 1`] = `<div class="gov-tag"></div>`;

exports[`Tag visibility can be controlled by visible with visible as initial value 2`] = `<div class="gov-tag" style="display: none;"></div>`;

exports[`Tag visibility can be controlled by visible with visible as initial value 3`] = `<div class="gov-tag" style=""></div>`;
