// Jest Snapshot v1, https://goo.gl/fbAQLP

exports[`TimePicker renders addon correctly 1`] = `<div class="gov-time-picker-panel-addon"><button type="button">Ok</button></div>`;
